2026-08-20 15:38:56  SKIP: Files changed within last 10 minutes
2026-08-20 15:39:43  SKIP: Files changed within last 10 minutes
2026-08-20 18:39:50  ERROR: Commit failed
2026-08-20 19:39:43  ERROR: Commit failed
2026-08-20 20:39:44  ERROR: git add failed: _kitchen_preview.png
2026-08-20 21:39:42  ERROR: git add failed: _kitchen_preview.png
2026-08-21 09:40:42  ERROR: git add failed: _kitchen_preview.png
2026-08-21 11:13:38  ERROR: Commit failed
2026-08-21 11:41:26  ERROR: Commit failed
2026-08-21 12:39:39  SKIP: Files changed within last 10 minutes
2026-08-21 13:39:46  BACKUP: Commit and push completed
2026-08-21 14:39:41  OK: Only excluded files changed
2026-08-21 15:39:40  SKIP: Files changed within last 10 minutes
2026-08-21 16:39:41  OK: Only excluded files changed
2026-08-21 17:39:39  SKIP: Files changed within last 10 minutes
2026-08-21 18:39:45  BACKUP: Commit and push completed
2026-08-21 19:39:41  OK: Only excluded files changed
2026-08-21 22:10:13  SKIP: Files changed within last 10 minutes
2026-08-21 22:39:42  OK: Only excluded files changed
2026-08-21 23:39:39  SKIP: Files changed within last 10 minutes
2026-08-22 05:28:58  BACKUP: Commit and push completed
2026-08-22 05:39:39  SKIP: Files changed within last 10 minutes
2026-08-22 06:39:40  OK: Only excluded files changed
2026-08-22 07:39:40  OK: Only excluded files changed
2026-08-22 08:39:40  OK: Only excluded files changed
2026-08-22 09:39:40  OK: Only excluded files changed
2026-08-22 10:39:43  OK: Only excluded files changed
2026-08-22 11:39:40  OK: Only excluded files changed
2026-08-22 12:39:40  OK: Only excluded files changed
2026-08-22 13:39:42  OK: Only excluded files changed
2026-08-22 14:39:40  OK: Only excluded files changed
2026-08-22 15:39:40  OK: Only excluded files changed
2026-08-22 16:39:40  OK: Only excluded files changed
2026-08-22 17:39:41  OK: Only excluded files changed
2026-08-22 18:39:40  OK: Only excluded files changed
2026-08-22 19:39:41  OK: Only excluded files changed
2026-08-22 20:39:41  OK: Only excluded files changed
2026-08-22 21:39:40  OK: Only excluded files changed
2026-08-22 22:39:41  OK: Only excluded files changed
2026-08-22 23:39:43  OK: Only excluded files changed
2026-08-23 00:39:41  OK: Only excluded files changed
2026-08-23 01:39:41  OK: Only excluded files changed
2026-08-23 02:39:41  OK: Only excluded files changed
2026-08-23 03:39:41  OK: Only excluded files changed
2026-08-23 04:39:41  OK: Only excluded files changed
2026-08-23 05:39:41  OK: Only excluded files changed
2026-08-23 06:39:41  OK: Only excluded files changed
2026-08-23 07:39:41  OK: Only excluded files changed
2026-08-23 08:39:42  OK: Only excluded files changed
2026-08-23 09:39:42  SKIP: Files changed within last 10 minutes
2026-08-23 10:39:42  OK: Only excluded files changed
2026-08-23 11:39:42  OK: Only excluded files changed
2026-08-23 12:39:45  OK: Only excluded files changed
2026-08-24 10:22:35  OK: Only excluded files changed
2026-08-24 14:57:53  OK: Only excluded files changed
2026-08-24 15:39:40  SKIP: Files changed within last 10 minutes
2026-08-24 22:35:28  OK: Only excluded files changed
2026-08-24 22:41:00  OK: Only excluded files changed
2026-08-25 00:00:27  SKIP: Files changed within last 10 minutes
2026-08-25 00:41:07  BACKUP: Commit and push completed
2026-08-25 01:39:41  OK: Only excluded files changed
2026-08-25 02:39:43  OK: Only excluded files changed
2026-08-25 03:39:41  OK: Only excluded files changed
2026-08-25 04:39:41  OK: Only excluded files changed
2026-08-25 05:39:41  OK: Only excluded files changed
2026-08-25 06:39:41  OK: Only excluded files changed
2026-08-25 07:39:41  OK: Only excluded files changed
2026-08-25 08:41:29  OK: Only excluded files changed
2026-08-25 09:39:41  OK: Only excluded files changed
2026-08-25 10:39:41  OK: Only excluded files changed
2026-08-25 11:39:43  OK: Only excluded files changed
2026-08-25 12:39:41  OK: Only excluded files changed
2026-08-25 14:55:51  OK: Only excluded files changed
2026-08-25 16:09:48  OK: Only excluded files changed
2026-08-25 16:39:42  OK: Only excluded files changed
2026-08-25 17:39:41  OK: Only excluded files changed
2026-08-26 08:14:26  OK: Only excluded files changed
2026-08-26 08:39:41  OK: Only excluded files changed
2026-08-26 11:31:38  OK: Only excluded files changed
2026-08-26 11:39:45  OK: Only excluded files changed
2026-08-26 12:39:44  OK: Only excluded files changed
2026-08-26 13:39:59  SKIP: Remote ahead by 70 commit(s)
2026-08-26 14:39:50  SKIP: Remote ahead by 74 commit(s)
2026-08-26 15:39:46  SKIP: Remote ahead by 77 commit(s)
2026-08-26 16:39:46  SKIP: Remote ahead by 80 commit(s)
2026-08-26 17:39:48  SKIP: Remote ahead by 83 commit(s)
2026-08-26 18:39:43  SKIP: Remote ahead by 84 commit(s)
2026-08-26 19:39:43  SKIP: Remote ahead by 86 commit(s)
2026-08-26 20:39:43  SKIP: Remote ahead by 88 commit(s)
2026-08-26 21:39:43  SKIP: Remote ahead by 93 commit(s)
2026-08-26 22:39:44  SKIP: Remote ahead by 98 commit(s)
2026-08-27 00:40:19  BACKUP: Commit and push completed
2026-08-27 01:39:41  OK: Only excluded files changed
2026-08-27 02:39:41  OK: Only excluded files changed
2026-08-27 03:39:41  OK: Only excluded files changed
2026-08-27 04:39:41  OK: Only excluded files changed
2026-08-27 05:39:41  OK: Only excluded files changed
2026-08-27 06:39:41  OK: Only excluded files changed
2026-08-27 08:39:40  SKIP: Files changed within last 10 minutes
